C:/Users/ASUS/OneDrive/Escritorio/UNIVERSIDAD NACIONAL/6. Sexto semestre/Estructuras computacionales/Proyecto/en.i-cube_lrwan/STM32CubeExpansion_LRWAN_V2.1.0/Middlewares/Third_Party/LoRaWAN/Mac/Region/RegionUS915.c:105:20:GetTimeOnAir	32	static
C:/Users/ASUS/OneDrive/Escritorio/UNIVERSIDAD NACIONAL/6. Sexto semestre/Estructuras computacionales/Proyecto/en.i-cube_lrwan/STM32CubeExpansion_LRWAN_V2.1.0/Middlewares/Third_Party/LoRaWAN/Mac/Region/RegionUS915.c:81:13:VerifyRfFreq	16	static
C:/Users/ASUS/OneDrive/Escritorio/UNIVERSIDAD NACIONAL/6. Sexto semestre/Estructuras computacionales/Proyecto/en.i-cube_lrwan/STM32CubeExpansion_LRWAN_V2.1.0/Middlewares/Third_Party/LoRaWAN/Mac/Region/RegionUS915.c:114:12:RegionUS915GetPhyParam	24	static
C:/Users/ASUS/OneDrive/Escritorio/UNIVERSIDAD NACIONAL/6. Sexto semestre/Estructuras computacionales/Proyecto/en.i-cube_lrwan/STM32CubeExpansion_LRWAN_V2.1.0/Middlewares/Third_Party/LoRaWAN/Mac/Region/RegionUS915.c:338:6:RegionUS915SetBandTxDone	16	static
C:/Users/ASUS/OneDrive/Escritorio/UNIVERSIDAD NACIONAL/6. Sexto semestre/Estructuras computacionales/Proyecto/en.i-cube_lrwan/STM32CubeExpansion_LRWAN_V2.1.0/Middlewares/Third_Party/LoRaWAN/Mac/Region/RegionUS915.c:346:6:RegionUS915InitDefaults	48	static
C:/Users/ASUS/OneDrive/Escritorio/UNIVERSIDAD NACIONAL/6. Sexto semestre/Estructuras computacionales/Proyecto/en.i-cube_lrwan/STM32CubeExpansion_LRWAN_V2.1.0/Middlewares/Third_Party/LoRaWAN/Mac/Region/RegionUS915.c:440:6:RegionUS915Verify	8	static
C:/Users/ASUS/OneDrive/Escritorio/UNIVERSIDAD NACIONAL/6. Sexto semestre/Estructuras computacionales/Proyecto/en.i-cube_lrwan/STM32CubeExpansion_LRWAN_V2.1.0/Middlewares/Third_Party/LoRaWAN/Mac/Region/RegionUS915.c:476:6:RegionUS915ApplyCFList	20	static
C:/Users/ASUS/OneDrive/Escritorio/UNIVERSIDAD NACIONAL/6. Sexto semestre/Estructuras computacionales/Proyecto/en.i-cube_lrwan/STM32CubeExpansion_LRWAN_V2.1.0/Middlewares/Third_Party/LoRaWAN/Mac/Region/RegionUS915.c:506:6:RegionUS915ChanMaskSet	24	static
C:/Users/ASUS/OneDrive/Escritorio/UNIVERSIDAD NACIONAL/6. Sexto semestre/Estructuras computacionales/Proyecto/en.i-cube_lrwan/STM32CubeExpansion_LRWAN_V2.1.0/Middlewares/Third_Party/LoRaWAN/Mac/Region/RegionUS915.c:547:6:RegionUS915ComputeRxWindowParameters	40	static
C:/Users/ASUS/OneDrive/Escritorio/UNIVERSIDAD NACIONAL/6. Sexto semestre/Estructuras computacionales/Proyecto/en.i-cube_lrwan/STM32CubeExpansion_LRWAN_V2.1.0/Middlewares/Third_Party/LoRaWAN/Mac/Region/RegionUS915.c:562:6:RegionUS915RxConfig	80	static
C:/Users/ASUS/OneDrive/Escritorio/UNIVERSIDAD NACIONAL/6. Sexto semestre/Estructuras computacionales/Proyecto/en.i-cube_lrwan/STM32CubeExpansion_LRWAN_V2.1.0/Middlewares/Third_Party/LoRaWAN/Mac/Region/RegionUS915.c:613:6:RegionUS915TxConfig	88	static
C:/Users/ASUS/OneDrive/Escritorio/UNIVERSIDAD NACIONAL/6. Sexto semestre/Estructuras computacionales/Proyecto/en.i-cube_lrwan/STM32CubeExpansion_LRWAN_V2.1.0/Middlewares/Third_Party/LoRaWAN/Mac/Region/RegionUS915.c:645:9:RegionUS915LinkAdrReq	112	static
C:/Users/ASUS/OneDrive/Escritorio/UNIVERSIDAD NACIONAL/6. Sexto semestre/Estructuras computacionales/Proyecto/en.i-cube_lrwan/STM32CubeExpansion_LRWAN_V2.1.0/Middlewares/Third_Party/LoRaWAN/Mac/Region/RegionUS915.c:809:9:RegionUS915RxParamSetupReq	16	static
C:/Users/ASUS/OneDrive/Escritorio/UNIVERSIDAD NACIONAL/6. Sexto semestre/Estructuras computacionales/Proyecto/en.i-cube_lrwan/STM32CubeExpansion_LRWAN_V2.1.0/Middlewares/Third_Party/LoRaWAN/Mac/Region/RegionUS915.c:841:8:RegionUS915NewChannelReq	0	static
C:/Users/ASUS/OneDrive/Escritorio/UNIVERSIDAD NACIONAL/6. Sexto semestre/Estructuras computacionales/Proyecto/en.i-cube_lrwan/STM32CubeExpansion_LRWAN_V2.1.0/Middlewares/Third_Party/LoRaWAN/Mac/Region/RegionUS915.c:847:8:RegionUS915TxParamSetupReq	0	static
C:/Users/ASUS/OneDrive/Escritorio/UNIVERSIDAD NACIONAL/6. Sexto semestre/Estructuras computacionales/Proyecto/en.i-cube_lrwan/STM32CubeExpansion_LRWAN_V2.1.0/Middlewares/Third_Party/LoRaWAN/Mac/Region/RegionUS915.c:853:8:RegionUS915DlChannelReq	0	static
C:/Users/ASUS/OneDrive/Escritorio/UNIVERSIDAD NACIONAL/6. Sexto semestre/Estructuras computacionales/Proyecto/en.i-cube_lrwan/STM32CubeExpansion_LRWAN_V2.1.0/Middlewares/Third_Party/LoRaWAN/Mac/Region/RegionUS915.c:859:8:RegionUS915AlternateDr	0	static
C:/Users/ASUS/OneDrive/Escritorio/UNIVERSIDAD NACIONAL/6. Sexto semestre/Estructuras computacionales/Proyecto/en.i-cube_lrwan/STM32CubeExpansion_LRWAN_V2.1.0/Middlewares/Third_Party/LoRaWAN/Mac/Region/RegionUS915.c:888:17:RegionUS915NextChannel	176	static
C:/Users/ASUS/OneDrive/Escritorio/UNIVERSIDAD NACIONAL/6. Sexto semestre/Estructuras computacionales/Proyecto/en.i-cube_lrwan/STM32CubeExpansion_LRWAN_V2.1.0/Middlewares/Third_Party/LoRaWAN/Mac/Region/RegionUS915.c:982:17:RegionUS915ChannelAdd	0	static
C:/Users/ASUS/OneDrive/Escritorio/UNIVERSIDAD NACIONAL/6. Sexto semestre/Estructuras computacionales/Proyecto/en.i-cube_lrwan/STM32CubeExpansion_LRWAN_V2.1.0/Middlewares/Third_Party/LoRaWAN/Mac/Region/RegionUS915.c:987:6:RegionUS915ChannelsRemove	0	static
C:/Users/ASUS/OneDrive/Escritorio/UNIVERSIDAD NACIONAL/6. Sexto semestre/Estructuras computacionales/Proyecto/en.i-cube_lrwan/STM32CubeExpansion_LRWAN_V2.1.0/Middlewares/Third_Party/LoRaWAN/Mac/Region/RegionUS915.c:992:6:RegionUS915SetContinuousWave	32	static
C:/Users/ASUS/OneDrive/Escritorio/UNIVERSIDAD NACIONAL/6. Sexto semestre/Estructuras computacionales/Proyecto/en.i-cube_lrwan/STM32CubeExpansion_LRWAN_V2.1.0/Middlewares/Third_Party/LoRaWAN/Mac/Region/RegionUS915.c:1006:9:RegionUS915ApplyDrOffset	0	static
C:/Users/ASUS/OneDrive/Escritorio/UNIVERSIDAD NACIONAL/6. Sexto semestre/Estructuras computacionales/Proyecto/en.i-cube_lrwan/STM32CubeExpansion_LRWAN_V2.1.0/Middlewares/Third_Party/LoRaWAN/Mac/Region/RegionUS915.c:1021:6:RegionUS915RxBeaconSetup	32	static
