C:/Users/ASUS/OneDrive/Escritorio/UNIVERSIDAD NACIONAL/6. Sexto semestre/Estructuras computacionales/Proyecto/en.i-cube_lrwan/STM32CubeExpansion_LRWAN_V2.1.0/Utilities/sequencer/stm32_seq.c:182:6:UTIL_SEQ_Init	16	static
C:/Users/ASUS/OneDrive/Escritorio/UNIVERSIDAD NACIONAL/6. Sexto semestre/Estructuras computacionales/Proyecto/en.i-cube_lrwan/STM32CubeExpansion_LRWAN_V2.1.0/Utilities/sequencer/stm32_seq.c:195:6:UTIL_SEQ_DeInit	0	static
C:/Users/ASUS/OneDrive/Escritorio/UNIVERSIDAD NACIONAL/6. Sexto semestre/Estructuras computacionales/Proyecto/en.i-cube_lrwan/STM32CubeExpansion_LRWAN_V2.1.0/Utilities/sequencer/stm32_seq.c:317:6:UTIL_SEQ_SetTask	8	static,ignoring_inline_asm
C:/Users/ASUS/OneDrive/Escritorio/UNIVERSIDAD NACIONAL/6. Sexto semestre/Estructuras computacionales/Proyecto/en.i-cube_lrwan/STM32CubeExpansion_LRWAN_V2.1.0/Utilities/sequencer/stm32_seq.c:329:10:UTIL_SEQ_IsSchedulableTask	8	static,ignoring_inline_asm
C:/Users/ASUS/OneDrive/Escritorio/UNIVERSIDAD NACIONAL/6. Sexto semestre/Estructuras computacionales/Proyecto/en.i-cube_lrwan/STM32CubeExpansion_LRWAN_V2.1.0/Utilities/sequencer/stm32_seq.c:340:6:UTIL_SEQ_PauseTask	0	static,ignoring_inline_asm
C:/Users/ASUS/OneDrive/Escritorio/UNIVERSIDAD NACIONAL/6. Sexto semestre/Estructuras computacionales/Proyecto/en.i-cube_lrwan/STM32CubeExpansion_LRWAN_V2.1.0/Utilities/sequencer/stm32_seq.c:351:10:UTIL_SEQ_IsPauseTask	0	static,ignoring_inline_asm
C:/Users/ASUS/OneDrive/Escritorio/UNIVERSIDAD NACIONAL/6. Sexto semestre/Estructuras computacionales/Proyecto/en.i-cube_lrwan/STM32CubeExpansion_LRWAN_V2.1.0/Utilities/sequencer/stm32_seq.c:362:6:UTIL_SEQ_ResumeTask	0	static,ignoring_inline_asm
C:/Users/ASUS/OneDrive/Escritorio/UNIVERSIDAD NACIONAL/6. Sexto semestre/Estructuras computacionales/Proyecto/en.i-cube_lrwan/STM32CubeExpansion_LRWAN_V2.1.0/Utilities/sequencer/stm32_seq.c:373:6:UTIL_SEQ_SetEvt	0	static,ignoring_inline_asm
C:/Users/ASUS/OneDrive/Escritorio/UNIVERSIDAD NACIONAL/6. Sexto semestre/Estructuras computacionales/Proyecto/en.i-cube_lrwan/STM32CubeExpansion_LRWAN_V2.1.0/Utilities/sequencer/stm32_seq.c:384:6:UTIL_SEQ_ClrEvt	0	static,ignoring_inline_asm
C:/Users/ASUS/OneDrive/Escritorio/UNIVERSIDAD NACIONAL/6. Sexto semestre/Estructuras computacionales/Proyecto/en.i-cube_lrwan/STM32CubeExpansion_LRWAN_V2.1.0/Utilities/sequencer/stm32_seq.c:442:15:UTIL_SEQ_IsEvtPend	0	static
C:/Users/ASUS/OneDrive/Escritorio/UNIVERSIDAD NACIONAL/6. Sexto semestre/Estructuras computacionales/Proyecto/en.i-cube_lrwan/STM32CubeExpansion_LRWAN_V2.1.0/Utilities/sequencer/stm32_seq.c:453:13:UTIL_SEQ_Idle	0	static
C:/Users/ASUS/OneDrive/Escritorio/UNIVERSIDAD NACIONAL/6. Sexto semestre/Estructuras computacionales/Proyecto/en.i-cube_lrwan/STM32CubeExpansion_LRWAN_V2.1.0/Utilities/sequencer/stm32_seq.c:458:13:UTIL_SEQ_PreIdle	0	static
C:/Users/ASUS/OneDrive/Escritorio/UNIVERSIDAD NACIONAL/6. Sexto semestre/Estructuras computacionales/Proyecto/en.i-cube_lrwan/STM32CubeExpansion_LRWAN_V2.1.0/Utilities/sequencer/stm32_seq.c:466:13:UTIL_SEQ_PostIdle	0	static
C:/Users/ASUS/OneDrive/Escritorio/UNIVERSIDAD NACIONAL/6. Sexto semestre/Estructuras computacionales/Proyecto/en.i-cube_lrwan/STM32CubeExpansion_LRWAN_V2.1.0/Utilities/sequencer/stm32_seq.c:489:9:SEQ_BitPosition	0	static
C:/Users/ASUS/OneDrive/Escritorio/UNIVERSIDAD NACIONAL/6. Sexto semestre/Estructuras computacionales/Proyecto/en.i-cube_lrwan/STM32CubeExpansion_LRWAN_V2.1.0/Utilities/sequencer/stm32_seq.c:204:6:UTIL_SEQ_Run	32	static,ignoring_inline_asm
C:/Users/ASUS/OneDrive/Escritorio/UNIVERSIDAD NACIONAL/6. Sexto semestre/Estructuras computacionales/Proyecto/en.i-cube_lrwan/STM32CubeExpansion_LRWAN_V2.1.0/Utilities/sequencer/stm32_seq.c:447:13:UTIL_SEQ_EvtIdle	8	static
C:/Users/ASUS/OneDrive/Escritorio/UNIVERSIDAD NACIONAL/6. Sexto semestre/Estructuras computacionales/Proyecto/en.i-cube_lrwan/STM32CubeExpansion_LRWAN_V2.1.0/Utilities/sequencer/stm32_seq.c:395:6:UTIL_SEQ_WaitEvt	24	static
C:/Users/ASUS/OneDrive/Escritorio/UNIVERSIDAD NACIONAL/6. Sexto semestre/Estructuras computacionales/Proyecto/en.i-cube_lrwan/STM32CubeExpansion_LRWAN_V2.1.0/Utilities/sequencer/stm32_seq.c:306:6:UTIL_SEQ_RegTask	16	static,ignoring_inline_asm
