C:/Users/ASUS/OneDrive/Escritorio/UNIVERSIDAD NACIONAL/6. Sexto semestre/Estructuras computacionales/Proyecto/en.i-cube_lrwan/STM32CubeExpansion_LRWAN_V2.1.0/Projects/NUCLEO-L073RZ/Applications/LoRaWAN/LoRaWAN_End_Node/LoRaWAN/App/app_lorawan.c:65:6:MX_LoRaWAN_Init	8	static
C:/Users/ASUS/OneDrive/Escritorio/UNIVERSIDAD NACIONAL/6. Sexto semestre/Estructuras computacionales/Proyecto/en.i-cube_lrwan/STM32CubeExpansion_LRWAN_V2.1.0/Projects/NUCLEO-L073RZ/Applications/LoRaWAN/LoRaWAN_End_Node/LoRaWAN/App/app_lorawan.c:80:6:MX_LoRaWAN_Process	8	static
