C:/Users/ASUS/OneDrive/Escritorio/UNIVERSIDAD NACIONAL/6. Sexto semestre/Estructuras computacionales/Proyecto/en.i-cube_lrwan/STM32CubeExpansion_LRWAN_V2.1.0/Projects/NUCLEO-L073RZ/Applications/LoRaWAN/LoRaWAN_End_Node/LoRaWAN/App/lora_app.c:489:13:OnTxTimerLedEvent	0	static
C:/Users/ASUS/OneDrive/Escritorio/UNIVERSIDAD NACIONAL/6. Sexto semestre/Estructuras computacionales/Proyecto/en.i-cube_lrwan/STM32CubeExpansion_LRWAN_V2.1.0/Projects/NUCLEO-L073RZ/Applications/LoRaWAN/LoRaWAN_End_Node/LoRaWAN/App/lora_app.c:474:13:OnTxTimerEvent	8	static
C:/Users/ASUS/OneDrive/Escritorio/UNIVERSIDAD NACIONAL/6. Sexto semestre/Estructuras computacionales/Proyecto/en.i-cube_lrwan/STM32CubeExpansion_LRWAN_V2.1.0/Projects/NUCLEO-L073RZ/Applications/LoRaWAN/LoRaWAN_End_Node/LoRaWAN/App/lora_app.c:564:13:OnMacProcessNotify	8	static
C:/Users/ASUS/OneDrive/Escritorio/UNIVERSIDAD NACIONAL/6. Sexto semestre/Estructuras computacionales/Proyecto/en.i-cube_lrwan/STM32CubeExpansion_LRWAN_V2.1.0/Projects/NUCLEO-L073RZ/Applications/LoRaWAN/LoRaWAN_End_Node/LoRaWAN/App/lora_app.c:313:13:OnRxData	40	static
C:/Users/ASUS/OneDrive/Escritorio/UNIVERSIDAD NACIONAL/6. Sexto semestre/Estructuras computacionales/Proyecto/en.i-cube_lrwan/STM32CubeExpansion_LRWAN_V2.1.0/Projects/NUCLEO-L073RZ/Applications/LoRaWAN/LoRaWAN_End_Node/LoRaWAN/App/lora_app.c:382:13:SendTxData	72	static
C:/Users/ASUS/OneDrive/Escritorio/UNIVERSIDAD NACIONAL/6. Sexto semestre/Estructuras computacionales/Proyecto/en.i-cube_lrwan/STM32CubeExpansion_LRWAN_V2.1.0/Projects/NUCLEO-L073RZ/Applications/LoRaWAN/LoRaWAN_End_Node/LoRaWAN/App/lora_app.c:506:13:OnTxData	24	static
C:/Users/ASUS/OneDrive/Escritorio/UNIVERSIDAD NACIONAL/6. Sexto semestre/Estructuras computacionales/Proyecto/en.i-cube_lrwan/STM32CubeExpansion_LRWAN_V2.1.0/Projects/NUCLEO-L073RZ/Applications/LoRaWAN/LoRaWAN_End_Node/LoRaWAN/App/lora_app.c:535:13:OnJoinRequest	16	static
C:/Users/ASUS/OneDrive/Escritorio/UNIVERSIDAD NACIONAL/6. Sexto semestre/Estructuras computacionales/Proyecto/en.i-cube_lrwan/STM32CubeExpansion_LRWAN_V2.1.0/Projects/NUCLEO-L073RZ/Applications/LoRaWAN/LoRaWAN_End_Node/LoRaWAN/App/lora_app.c:499:13:OnJoinTimerLedEvent	0	static
C:/Users/ASUS/OneDrive/Escritorio/UNIVERSIDAD NACIONAL/6. Sexto semestre/Estructuras computacionales/Proyecto/en.i-cube_lrwan/STM32CubeExpansion_LRWAN_V2.1.0/Projects/NUCLEO-L073RZ/Applications/LoRaWAN/LoRaWAN_End_Node/LoRaWAN/App/lora_app.c:494:13:OnRxTimerLedEvent	0	static
C:/Users/ASUS/OneDrive/Escritorio/UNIVERSIDAD NACIONAL/6. Sexto semestre/Estructuras computacionales/Proyecto/en.i-cube_lrwan/STM32CubeExpansion_LRWAN_V2.1.0/Projects/NUCLEO-L073RZ/Applications/LoRaWAN/LoRaWAN_End_Node/LoRaWAN/App/lora_app.c:220:6:LoRaWAN_Init	40	static
C:/Users/ASUS/OneDrive/Escritorio/UNIVERSIDAD NACIONAL/6. Sexto semestre/Estructuras computacionales/Proyecto/en.i-cube_lrwan/STM32CubeExpansion_LRWAN_V2.1.0/Projects/NUCLEO-L073RZ/Applications/LoRaWAN/LoRaWAN_End_Node/LoRaWAN/App/lora_app.c:294:6:HAL_GPIO_EXTI_Callback	8	static
