C:/Users/ASUS/OneDrive/Escritorio/UNIVERSIDAD NACIONAL/6. Sexto semestre/Estructuras computacionales/Proyecto/en.i-cube_lrwan/STM32CubeExpansion_LRWAN_V2.1.0/Middlewares/Third_Party/LoRaWAN/Mac/LoRaMacSerializer.c:36:27:LoRaMacSerializerJoinRequest	8	static
C:/Users/ASUS/OneDrive/Escritorio/UNIVERSIDAD NACIONAL/6. Sexto semestre/Estructuras computacionales/Proyecto/en.i-cube_lrwan/STM32CubeExpansion_LRWAN_V2.1.0/Middlewares/Third_Party/LoRaWAN/Mac/LoRaMacSerializer.c:72:27:LoRaMacSerializerReJoinType1	8	static
C:/Users/ASUS/OneDrive/Escritorio/UNIVERSIDAD NACIONAL/6. Sexto semestre/Estructuras computacionales/Proyecto/en.i-cube_lrwan/STM32CubeExpansion_LRWAN_V2.1.0/Middlewares/Third_Party/LoRaWAN/Mac/LoRaMacSerializer.c:103:27:LoRaMacSerializerReJoinType0or2	8	static
C:/Users/ASUS/OneDrive/Escritorio/UNIVERSIDAD NACIONAL/6. Sexto semestre/Estructuras computacionales/Proyecto/en.i-cube_lrwan/STM32CubeExpansion_LRWAN_V2.1.0/Middlewares/Third_Party/LoRaWAN/Mac/LoRaMacSerializer.c:134:27:LoRaMacSerializerData	16	static
