C:/Users/ASUS/OneDrive/Escritorio/UNIVERSIDAD NACIONAL/6. Sexto semestre/Estructuras computacionales/Proyecto/en.i-cube_lrwan/STM32CubeExpansion_LRWAN_V2.1.0/Projects/NUCLEO-L073RZ/Applications/LoRaWAN/LoRaWAN_End_Node/Core/Src/adc.c:30:6:MX_ADC_Init	8	static
C:/Users/ASUS/OneDrive/Escritorio/UNIVERSIDAD NACIONAL/6. Sexto semestre/Estructuras computacionales/Proyecto/en.i-cube_lrwan/STM32CubeExpansion_LRWAN_V2.1.0/Projects/NUCLEO-L073RZ/Applications/LoRaWAN/LoRaWAN_End_Node/Core/Src/adc.c:74:6:HAL_ADC_MspInit	0	static
C:/Users/ASUS/OneDrive/Escritorio/UNIVERSIDAD NACIONAL/6. Sexto semestre/Estructuras computacionales/Proyecto/en.i-cube_lrwan/STM32CubeExpansion_LRWAN_V2.1.0/Projects/NUCLEO-L073RZ/Applications/LoRaWAN/LoRaWAN_End_Node/Core/Src/adc.c:90:6:HAL_ADC_MspDeInit	0	static
