C:/Users/ASUS/OneDrive/Escritorio/UNIVERSIDAD NACIONAL/6. Sexto semestre/Estructuras computacionales/Proyecto/en.i-cube_lrwan/STM32CubeExpansion_LRWAN_V2.1.0/Projects/NUCLEO-L073RZ/Applications/LoRaWAN/LoRaWAN_End_Node/Core/Src/main.c:108:6:SystemClock_Config	88	static,ignoring_inline_asm
C:/Users/ASUS/OneDrive/Escritorio/UNIVERSIDAD NACIONAL/6. Sexto semestre/Estructuras computacionales/Proyecto/en.i-cube_lrwan/STM32CubeExpansion_LRWAN_V2.1.0/Projects/NUCLEO-L073RZ/Applications/LoRaWAN/LoRaWAN_End_Node/Core/Src/main.c:64:5:main	8	static
C:/Users/ASUS/OneDrive/Escritorio/UNIVERSIDAD NACIONAL/6. Sexto semestre/Estructuras computacionales/Proyecto/en.i-cube_lrwan/STM32CubeExpansion_LRWAN_V2.1.0/Projects/NUCLEO-L073RZ/Applications/LoRaWAN/LoRaWAN_End_Node/Core/Src/main.c:156:6:Error_Handler	0	static,ignoring_inline_asm
