C:/Users/ASUS/OneDrive/Escritorio/UNIVERSIDAD NACIONAL/6. Sexto semestre/Estructuras computacionales/Proyecto/en.i-cube_lrwan/STM32CubeExpansion_LRWAN_V2.1.0/Projects/NUCLEO-L073RZ/Applications/LoRaWAN/LoRaWAN_End_Node/Core/Src/usart.c:33:6:MX_USART2_UART_Init	8	static
C:/Users/ASUS/OneDrive/Escritorio/UNIVERSIDAD NACIONAL/6. Sexto semestre/Estructuras computacionales/Proyecto/en.i-cube_lrwan/STM32CubeExpansion_LRWAN_V2.1.0/Projects/NUCLEO-L073RZ/Applications/LoRaWAN/LoRaWAN_End_Node/Core/Src/usart.c:61:6:HAL_UART_MspInit	96	static
C:/Users/ASUS/OneDrive/Escritorio/UNIVERSIDAD NACIONAL/6. Sexto semestre/Estructuras computacionales/Proyecto/en.i-cube_lrwan/STM32CubeExpansion_LRWAN_V2.1.0/Projects/NUCLEO-L073RZ/Applications/LoRaWAN/LoRaWAN_End_Node/Core/Src/usart.c:149:6:HAL_UART_MspDeInit	8	static
